Voulez vous jouer une autre partie ? (Oui/Non) : Réponse invalide, veuillez recommencer.
Voulez vous jouer une autre partie ? (Oui/Non) : Réponse invalide, veuillez recommencer.
Voulez vous jouer une autre partie ? (Oui/Non) : Réponse invalide, veuillez recommencer.
Voulez vous jouer une autre partie ? (Oui/Non) : Réponse invalide, veuillez recommencer.
Voulez vous jouer une autre partie ? (Oui/Non) : Réponse invalide, veuillez recommencer.
Voulez vous jouer une autre partie ? (Oui/Non) : 